.\gradlew.bat : 
Warning: SDK 
processing. This 
version only 
understands SDK XML 
versions up to 3 but 
an SDK XML file of 
version 4 was 
encountered. This 
can happen if you 
use versions of 
Android Studio and 
the command-line 
tools that were 
released at 
different times.
At line:1 char:1
+ .\gradlew.bat 
assembleDebug 2>&1 | 
ForEach-Object { $_ 
} | Out-File - ...
+ ~~~~~~~~~~~~~~~~~~~
~~~~~~~~~~~~~
    + CategoryInfo   
           : NotSpe  
  cified: (Warning   
 : SDK pr...iffer    
ent times.:Strin    
g) [], RemoteExc    
eption
    + FullyQualified 
   ErrorId : Native  
  CommandError
 
> Task :app:preBuild UP-TO-DATE
> Task :app:preDebugBuild UP-TO-DATE
> Task :app:mergeDebugNativeDebugMetadata NO-SOURCE
> Task :app:checkKotlinGradlePluginConfigurationErrors
> Task :app:generateDebugResValues
> Task :app:processDebugGoogleServices
> Task :app:checkDebugAarMetadata
> Task :app:mapDebugSourceSetPaths
> Task :app:generateDebugResources
> Task :app:packageDebugResources
> Task :app:createDebugCompatibleScreenManifests
> Task :app:extractDeepLinksDebug
> Task :app:parseDebugLocalResources
> Task :app:processDebugMainManifest
> Task :app:processDebugManifest
> Task :app:javaPreCompileDebug
> Task :app:mergeDebugShaders
> Task :app:compileDebugShaders NO-SOURCE
> Task :app:generateDebugAssets UP-TO-DATE
> Task :app:mergeDebugResources
> Task :app:mergeDebugAssets
> Task :app:compressDebugAssets
> Task :app:desugarDebugFileDependencies
> Task :app:mergeDebugJniLibFolders
> Task :app:mergeDebugNativeLibs NO-SOURCE
> Task :app:stripDebugDebugSymbols NO-SOURCE
> Task :app:validateSigningDebug
> Task :app:writeDebugAppMetadata
> Task :app:writeDebugSigningConfigVersions
> Task :app:processDebugManifestForPackage
> Task :app:checkDebugDuplicateClasses
> Task :app:mergeLibDexDebug
> Task :app:processDebugResources
> Task :app:mergeExtDexDebug
> Task :app:compileDebugKotlin
w: file:///D:/Antigravity%20Projects/tests/LockletPro/app/src/main/java/com/lockletpro/ui/components/FilterSortBar.kt:128:52 'Sort: ImageVector' is deprecated. Use the AutoMirrored version at Icons.AutoMirrored.Filled.Sort
w: file:///D:/Antigravity%20Projects/tests/LockletPro/app/src/main/java/com/lockletpro/ui/screens/auth/ForgotPasswordScreen.kt:62:38 'ArrowBack: ImageVector' is deprecated. Use the AutoMirrored version at Icons.AutoMirrored.Filled.ArrowBack
w: file:///D:/Antigravity%20Projects/tests/LockletPro/app/src/main/java/com/lockletpro/ui/screens/document/DocumentDetailScreen.kt:75:43 'ArrowBack: ImageVector' is deprecated. Use the AutoMirrored version at Icons.AutoMirrored.Filled.ArrowBack
w: file:///D:/Antigravity%20Projects/tests/LockletPro/app/src/main/java/com/lockletpro/ui/screens/document/DocumentsScreen.kt:47:5 Parameter 'onUploadClick' is never used
w: file:///D:/Antigravity%20Projects/tests/LockletPro/app/src/main/java/com/lockletpro/ui/screens/document/DocumentsScreen.kt:88:90 'ViewList: ImageVector' is deprecated. Use the AutoMirrored version at Icons.AutoMirrored.Filled.ViewList
w: file:///D:/Antigravity%20Projects/tests/LockletPro/app/src/main/java/com/lockletpro/ui/screens/document/UploadDocumentScreen.kt:60:43 'ArrowBack: ImageVector' is deprecated. Use the AutoMirrored version at Icons.AutoMirrored.Filled.ArrowBack
w: file:///D:/Antigravity%20Projects/tests/LockletPro/app/src/main/java/com/lockletpro/ui/screens/document/UploadDocumentScreen.kt:208:41 'Notes: ImageVector' is deprecated. Use the AutoMirrored version at Icons.AutoMirrored.Filled.Notes
w: file:///D:/Antigravity%20Projects/tests/LockletPro/app/src/main/java/com/lockletpro/ui/screens/document/UploadDocumentScreen.kt:377:28 Parameter 'isDark' is never used
w: file:///D:/Antigravity%20Projects/tests/LockletPro/app/src/main/java/com/lockletpro/ui/screens/document/UploadDocumentScreen.kt:466:5 Parameter 'imageUri' is never used
w: file:///D:/Antigravity%20Projects/tests/LockletPro/app/src/main/java/com/lockletpro/ui/screens/document/UploadDocumentScreen.kt:714:5 Parameter 'isDark' is never used
w: file:///D:/Antigravity%20Projects/tests/LockletPro/app/src/main/java/com/lockletpro/ui/screens/document/UploadDocumentScreen.kt:783:5 Parameter 'isDark' is never used
w: file:///D:/Antigravity%20Projects/tests/LockletPro/app/src/main/java/com/lockletpro/ui/screens/document/UploadDocumentScreen.kt:856:33 Parameter 'isDark' is never used
w: file:///D:/Antigravity%20Projects/tests/LockletPro/app/src/main/java/com/lockletpro/ui/screens/document/UploadDocumentScreen.kt:929:5 Parameter 'isDark' is never used
w: file:///D:/Antigravity%20Projects/tests/LockletPro/app/src/main/java/com/lockletpro/ui/screens/home/HomeScreen.kt:43:5 Parameter 'onNavigateToProfile' is never used
w: file:///D:/Antigravity%20Projects/tests/LockletPro/app/src/main/java/com/lockletpro/ui/screens/home/HomeScreen.kt:44:5 Parameter 'onNavigateToSettings' is never used
w: file:///D:/Antigravity%20Projects/tests/LockletPro/app/src/main/java/com/lockletpro/ui/screens/profile/ProfileScreen.kt:48:43 'ArrowBack: ImageVector' is deprecated. Use the AutoMirrored version at Icons.AutoMirrored.Filled.ArrowBack
w: file:///D:/Antigravity%20Projects/tests/LockletPro/app/src/main/java/com/lockletpro/ui/screens/profile/ProfileScreen.kt:173:35 'ExitToApp: ImageVector' is deprecated. Use the AutoMirrored version at Icons.AutoMirrored.Filled.ExitToApp
w: file:///D:/Antigravity%20Projects/tests/LockletPro/app/src/main/java/com/lockletpro/ui/screens/settings/SecuritySettingsScreen.kt:58:43 'ArrowBack: ImageVector' is deprecated. Use the AutoMirrored version at Icons.AutoMirrored.Filled.ArrowBack
w: file:///D:/Antigravity%20Projects/tests/LockletPro/app/src/main/java/com/lockletpro/ui/screens/settings/SettingsScreen.kt:41:43 'ArrowBack: ImageVector' is deprecated. Use the AutoMirrored version at Icons.AutoMirrored.Filled.ArrowBack
w: file:///D:/Antigravity%20Projects/tests/LockletPro/app/src/main/java/com/lockletpro/ui/screens/settings/SettingsScreen.kt:174:35 'Logout: ImageVector' is deprecated. Use the AutoMirrored version at Icons.AutoMirrored.Filled.Logout
w: file:///D:/Antigravity%20Projects/tests/LockletPro/app/src/main/java/com/lockletpro/ui/screens/splash/SplashScreen.kt:44:9 Variable 'scaleAnim' is never used
w: file:///D:/Antigravity%20Projects/tests/LockletPro/app/src/main/java/com/lockletpro/utils/Constants.kt:28:44 'InsertDriveFile: ImageVector' is deprecated. Use the AutoMirrored version at Icons.AutoMirrored.Filled.InsertDriveFile
w: file:///D:/Antigravity%20Projects/tests/LockletPro/app/src/main/java/com/lockletpro/viewmodel/DocumentsViewModel.kt:93:24 Parameter 'documentId' is never used

> Task :app:compileDebugJavaWithJavac NO-SOURCE
> Task :app:dexBuilderDebug
> Task :app:mergeDebugGlobalSynthetics
> Task :app:processDebugJavaRes
> Task :app:mergeProjectDexDebug
> Task :app:mergeDebugJavaResource
> Task :app:packageDebug
> Task :app:createDebugApkListingFileRedirect
> Task :app:assembleDebug

BUILD SUCCESSFUL in 1m 10s
34 actionable tasks: 34 executed
