To honour the JVM settings for this build a single-use Daemon process will be forked. For more on this, please refer to https://docs.gradle.org/8.5/userguide/gradle_daemon.html#sec:disabling_the_daemon in the Gradle documentation.
Daemon will be stopped at the end of the build 
.\gradlew.bat : 
Warning: SDK 
processing. This 
version only 
understands SDK XML 
versions up to 3 but 
an SDK XML file of 
version 4 was 
encountered. This 
can happen if you 
use versions of 
Android Studio and 
the command-line 
tools that were 
released at 
different times.
At line:1 char:1
+ .\gradlew.bat 
assembleDebug 
--no-daemon 2>&1 | 
ForEach-Object { $_ 
}  ...
+ ~~~~~~~~~~~~~~~~~~~
~~~~~~~~~~~~~~~~~~~~~
~~~~
    + CategoryInfo   
           : NotSpe  
  cified: (Warning   
 : SDK pr...iffer    
ent times.:Strin    
g) [], RemoteExc    
eption
    + FullyQualified 
   ErrorId : Native  
  CommandError
 
> Task :app:preBuild UP-TO-DATE
> Task :app:preDebugBuild UP-TO-DATE
> Task :app:mergeDebugNativeDebugMetadata NO-SOURCE
> Task :app:checkKotlinGradlePluginConfigurationErrors
> Task :app:generateDebugResValues
> Task :app:processDebugGoogleServices
> Task :app:checkDebugAarMetadata
> Task :app:mapDebugSourceSetPaths
> Task :app:generateDebugResources
> Task :app:packageDebugResources
> Task :app:createDebugCompatibleScreenManifests
> Task :app:extractDeepLinksDebug
> Task :app:parseDebugLocalResources
> Task :app:mergeDebugResources
> Task :app:processDebugMainManifest
> Task :app:processDebugManifest
> Task :app:javaPreCompileDebug
> Task :app:mergeDebugShaders
> Task :app:compileDebugShaders NO-SOURCE
> Task :app:generateDebugAssets UP-TO-DATE
> Task :app:mergeDebugAssets
> Task :app:compressDebugAssets
> Task :app:desugarDebugFileDependencies
> Task :app:mergeDebugJniLibFolders
> Task :app:checkDebugDuplicateClasses
> Task :app:validateSigningDebug
> Task :app:mergeDebugNativeLibs
> Task :app:processDebugManifestForPackage
> Task :app:mergeExtDexDebug
> Task :app:mergeLibDexDebug
> Task :app:writeDebugAppMetadata

> Task :app:stripDebugDebugSymbols
Unable to strip the following libraries, packaging them as they are: libdatastore_shared_counter.so.

> Task :app:writeDebugSigningConfigVersions
> Task :app:processDebugResources
> Task :app:compileDebugKotlin
e: file:///C:/Users/L
akhansing/.gradle/cac
hes/transforms-3/1355
32d2483138c059a4c2472
3875871/transformed/p
lay-services-measurem
ent-api-23.0.0-api.ja
r!/META-INF/java.com.
google.android.gmscor
e.integ.client.measur
ement_api_measurement
_api.kotlin_moduleMod
ule was compiled 
with an incompatible 
version of Kotlin. 
The binary version 
of its metadata is 
2.1.0, expected 
version is 1.9.0.
e: file:///C:/Users/L
akhansing/.gradle/cac
hes/transforms-3/5d20
54a0e78b22df2fd772175
1278798/transformed/f
irebase-auth-24.0.1-a
pi.jar!/META-INF/java
.com.google.android.g
mscore.integ.client.f
irebase-auth-api_fire
base-auth-api.kotlin_
moduleModule was 
compiled with an 
incompatible version 
of Kotlin. The 
binary version of 
its metadata is 
2.1.0, expected 
version is 1.9.0.
e: file:///C:/Users/L
akhansing/.gradle/cac
hes/transforms-3/67bc
70eb8c607bf978debb0a7
9fdf2db/transformed/p
lay-services-measurem
ent-impl-23.0.0-api.j
ar!/META-INF/java.com
.google.android.gms.l
ibs.filecompliance.pr
oto_file_access_api_t
ype_kt_proto_lite.kot
lin_moduleModule was 
compiled with an 
incompatible version 
of Kotlin. The 
binary version of 
its metadata is 
2.1.0, expected 
version is 1.9.0.
e: file:///C:/Users/L
akhansing/.gradle/cac
hes/transforms-3/67bc
70eb8c607bf978debb0a7
9fdf2db/transformed/p
lay-services-measurem
ent-impl-23.0.0-api.j
ar!/META-INF/third_pa
rty.kotlin.protobuf.s
rc.commonMain.kotlin.
com.google.protobuf.k
otlin_only_for_use_in
_proto_generated_code
_its_generator_and_te
sts.kotlin_moduleModu
le was compiled with 
an incompatible 
version of Kotlin. 
The binary version 
of its metadata is 
2.1.0, expected 
version is 1.9.0.
e: file:///C:/Users/L
akhansing/.gradle/cac
hes/transforms-3/67bc
70eb8c607bf978debb0a7
9fdf2db/transformed/p
lay-services-measurem
ent-impl-23.0.0-api.j
ar!/META-INF/third_pa
rty.kotlin.protobuf.s
rc.commonMain.kotlin.
com.google.protobuf.k
otlin_shared_runtime.
kotlin_moduleModule 
was compiled with an 
incompatible version 
of Kotlin. The 
binary version of 
its metadata is 
2.1.0, expected 
version is 1.9.0.

> Task :app:compileDebugKotlin FAILED

FAILURE: Build 
failed with an 
exception.

* What went wrong:
Execution failed for 
task ':app:compileDeb
ugKotlin'.
> A failure occurred 
while executing org.j
etbrains.kotlin.compi
lerRunner.GradleCompi
lerRunnerWithWorkers$
GradleKotlinCompilerW
orkAction
   > Compilation 
error. See log for 
more details

* Try:
> Run with 
--stacktrace option 
to get the stack 
trace.
29 actionable tasks: 29 executed
> Run with --info or 
--debug option to 
get more log output.
> Run with --scan to 
get full insights.
> Get more help at ht
tps://help.gradle.org
.

BUILD FAILED in 3m 9s
