> Task :app:preBuild UP-TO-DATE
> Task :app:preDebugBuild UP-TO-DATE
> Task :app:mergeDebugNativeDebugMetadata NO-SOURCE
> Task :app:checkKotlinGradlePluginConfigurationErrors
> Task :app:checkDebugAarMetadata UP-TO-DATE
> Task :app:generateDebugResValues UP-TO-DATE
> Task :app:mapDebugSourceSetPaths UP-TO-DATE
> Task :app:generateDebugResources UP-TO-DATE
> Task :app:mergeDebugResources UP-TO-DATE
> Task :app:packageDebugResources UP-TO-DATE
> Task :app:parseDebugLocalResources UP-TO-DATE
> Task :app:createDebugCompatibleScreenManifests UP-TO-DATE
> Task :app:extractDeepLinksDebug UP-TO-DATE
> Task :app:processDebugMainManifest UP-TO-DATE
> Task :app:processDebugManifest UP-TO-DATE
> Task :app:processDebugManifestForPackage UP-TO-DATE
> Task :app:processDebugResources UP-TO-DATE
> Task :app:javaPreCompileDebug UP-TO-DATE
> Task :app:mergeDebugShaders UP-TO-DATE
> Task :app:compileDebugShaders NO-SOURCE
> Task :app:generateDebugAssets UP-TO-DATE
> Task :app:mergeDebugAssets UP-TO-DATE
> Task :app:compressDebugAssets UP-TO-DATE
> Task :app:desugarDebugFileDependencies UP-TO-DATE
> Task :app:checkDebugDuplicateClasses UP-TO-DATE
> Task :app:mergeExtDexDebug UP-TO-DATE
> Task :app:mergeLibDexDebug UP-TO-DATE
> Task :app:mergeDebugJniLibFolders UP-TO-DATE
> Task :app:mergeDebugNativeLibs NO-SOURCE
> Task :app:stripDebugDebugSymbols NO-SOURCE
> Task :app:validateSigningDebug UP-TO-DATE
> Task :app:writeDebugAppMetadata UP-TO-DATE
> Task :app:writeDebugSigningConfigVersions UP-TO-DATE

> Task :app:compileDebugKotlin FAILED
e: file:///D:/Antigravity%20Projects/tests/LockletPro/app/src/main/java/com/lockletpro/ui/screens/home/HomeScreen.kt:290:68 Unresolved reference: launch
e: file:///D:/Antigravity%20Projects/tests/LockletPro/app/src/main/java/com/lockletpro/ui/screens/home/HomeScreen.kt:291:72 Suspension functions can be called only within coroutine body
e: file:///D:/Antigravity%20Projects/tests/LockletPro/app/src/main/java/com/lockletpro/ui/screens/home/HomeScreen.kt:292:59 Suspension functions can be called only within coroutine body
e: file:///D:/Antigravity%20Projects/tests/LockletPro/app/src/main/java/com/lockletpro/ui/screens/home/HomeScreen.kt:297:68 Unresolved reference: launch
e: file:///D:/Antigravity%20Projects/tests/LockletPro/app/src/main/java/com/lockletpro/ui/screens/home/HomeScreen.kt:298:72 Suspension functions can be called only within coroutine body
e: file:///D:/Antigravity%20Projects/tests/LockletPro/app/src/main/java/com/lockletpro/ui/screens/home/HomeScreen.kt:299:61 Suspension functions can be called only within coroutine body
e: file:///D:/Antigravity%20Projects/tests/LockletPro/app/src/main/java/com/lockletpro/ui/screens/onboarding/OnboardingScreen.kt:33:22 This foundation API is experimental and is likely to change or be removed in the future.
e: file:///D:/Antigravity%20Projects/tests/LockletPro/app/src/main/java/com/lockletpro/ui/screens/onboarding/OnboardingScreen.kt:70:13 This foundation API is experimental and is likely to change or be removed in the future.
e: file:///D:/Antigravity%20Projects/tests/LockletPro/app/src/main/java/com/lockletpro/ui/screens/onboarding/OnboardingScreen.kt:71:25 This foundation API is experimental and is likely to change or be removed in the future.
e: file:///D:/Antigravity%20Projects/tests/LockletPro/app/src/main/java/com/lockletpro/ui/screens/onboarding/OnboardingScreen.kt:152:38 This foundation API is experimental and is likely to change or be removed in the future.
e: file:///D:/Antigravity%20Projects/tests/LockletPro/app/src/main/java/com/lockletpro/ui/screens/onboarding/OnboardingScreen.kt:152:49 This foundation API is experimental and is likely to change or be removed in the future.
e: file:///D:/Antigravity%20Projects/tests/LockletPro/app/src/main/java/com/lockletpro/ui/screens/onboarding/OnboardingScreen.kt:175:17 This foundation API is experimental and is likely to change or be removed in the future.
e: file:///D:/Antigravity%20Projects/tests/LockletPro/app/src/main/java/com/lockletpro/ui/screens/onboarding/OnboardingScreen.kt:175:28 This foundation API is experimental and is likely to change or be removed in the future.
e: file:///D:/Antigravity%20Projects/tests/LockletPro/app/src/main/java/com/lockletpro/ui/screens/onboarding/OnboardingScreen.kt:186:29 This foundation API is experimental and is likely to change or be removed in the future.
e: file:///D:/Antigravity%20Projects/tests/LockletPro/app/src/main/java/com/lockletpro/ui/screens/onboarding/OnboardingScreen.kt:186:40 This foundation API is experimental and is likely to change or be removed in the future.
e: file:///D:/Antigravity%20Projects/tests/LockletPro/app/src/main/java/com/lockletpro/ui/screens/onboarding/OnboardingScreen.kt:186:60 This foundation API is experimental and is likely to change or be removed in the future.
e: file:///D:/Antigravity%20Projects/tests/LockletPro/app/src/main/java/com/lockletpro/ui/screens/onboarding/OnboardingScreen.kt:186:71 This foundation API is experimental and is likely to change or be removed in the future.
e: file:///D:/Antigravity%20Projects/tests/LockletPro/app/src/main/java/com/lockletpro/ui/screens/profile/ProfileScreen.kt:168:41 Unresolved reference. None of the following candidates is applicable because of receiver type mismatch: 
public operator fun <T, R> DeepRecursiveFunction<TypeVariable(T), TypeVariable(R)>.invoke(value: TypeVariable(T)): TypeVariable(R) defined in kotlin
e: file:///D:/Antigravity%20Projects/tests/LockletPro/app/src/main/java/com/lockletpro/ui/screens/profile/ProfileScreen.kt:355:41 Unresolved reference. None of the following candidates is applicable because of receiver type mismatch: 
public operator fun <T, R> DeepRecursiveFunction<TypeVariable(T), TypeVariable(R)>.invoke(value: TypeVariable(T)): TypeVariable(R) defined in kotlin

FAILURE: Build failed with an exception.

* What went wrong:
Execution failed for task ':app:compileDebugKotlin'.
> A failure occurred while executing org.jetbrains.kotlin.compilerRunner.GradleCompilerRunnerWithWorkers$GradleKotlinCompilerWorkAction
   > Compilation error. See log for more details

* Try:
> Run with --stacktrace option to get the stack trace.
> Run with --info or --debug option to get more log output.
> Run with --scan to get full insights.
> Get more help at https://help.gradle.org.

BUILD FAILED in 12s
26 actionable tasks: 2 executed, 24 up-to-date
